// Jest Snapshot v1, https://goo.gl/fbAQLP

exports[`renders ButtonPanel correctly 1`] = `
<div
  className="button-panel"
>
  <div
    className="group"
  >
    <button
      name="AC"
      style={
        Object {
          "background": "white",
          "width": "25%",
        }
      }
      type="button"
    >
      AC
    </button>
    <button
      name="+/-"
      style={
        Object {
          "background": "white",
          "width": "25%",
        }
      }
      type="button"
    >
      +/-
    </button>
    <button
      name="%"
      style={
        Object {
          "background": "white",
          "width": "25%",
        }
      }
      type="button"
    >
      %
    </button>
    <button
      name="รท"
      style={
        Object {
          "background": "#f5913e",
          "width": "25%",
        }
      }
      type="button"
    >
      รท
    </button>
  </div>
  <div
    className="group"
  >
    <button
      name="7"
      style={
        Object {
          "background": "white",
          "width": "25%",
        }
      }
      type="button"
    >
      7
    </button>
    <button
      name="8"
      style={
        Object {
          "background": "white",
          "width": "25%",
        }
      }
      type="button"
    >
      8
    </button>
    <button
      name="9"
      style={
        Object {
          "background": "white",
          "width": "25%",
        }
      }
      type="button"
    >
      9
    </button>
    <button
      name="*"
      style={
        Object {
          "background": "#f5913e",
          "width": "25%",
        }
      }
      type="button"
    >
      *
    </button>
  </div>
  <div
    className="group"
  >
    <button
      name="4"
      style={
        Object {
          "background": "white",
          "width": "25%",
        }
      }
      type="button"
    >
      4
    </button>
    <button
      name="5"
      style={
        Object {
          "background": "white",
          "width": "25%",
        }
      }
      type="button"
    >
      5
    </button>
    <button
      name="6"
      style={
        Object {
          "background": "white",
          "width": "25%",
        }
      }
      type="button"
    >
      6
    </button>
    <button
      name="-"
      style={
        Object {
          "background": "#f5913e",
          "width": "25%",
        }
      }
      type="button"
    >
      -
    </button>
  </div>
  <div
    className="group"
  >
    <button
      name="1"
      style={
        Object {
          "background": "white",
          "width": "25%",
        }
      }
      type="button"
    >
      1
    </button>
    <button
      name="2"
      style={
        Object {
          "background": "white",
          "width": "25%",
        }
      }
      type="button"
    >
      2
    </button>
    <button
      name="3"
      style={
        Object {
          "background": "white",
          "width": "25%",
        }
      }
      type="button"
    >
      3
    </button>
    <button
      name="+"
      style={
        Object {
          "background": "#f5913e",
          "width": "25%",
        }
      }
      type="button"
    >
      +
    </button>
  </div>
  <div
    className="group"
  >
    <button
      name="0"
      style={
        Object {
          "background": "white",
          "width": "50%",
        }
      }
      type="button"
    >
      0
    </button>
    <button
      name="."
      style={
        Object {
          "background": "white",
          "width": "25%",
        }
      }
      type="button"
    >
      .
    </button>
    <button
      name="="
      style={
        Object {
          "background": "#f5913e",
          "width": "25%",
        }
      }
      type="button"
    >
      =
    </button>
  </div>
</div>
`;
